câu 1
Admin@Admin-PC MINGW64 ~/OneDrive/New folder/24174600166_Nguyen_Thi_Ngoc_Anh_bai_tapgitt (main)
$ git clone https://github.com/nguyenthingocanh2507/24174600166_Nguyen_Thi_Ngoc_Anh_bai_tapgitt.git
Cloning into '24174600166_Nguyen_Thi_Ngoc_Anh_bai_tapgitt'...
remote: Enumerating objects: 3, done.
remote: Counting objects: 100% (3/3), done.
remote: Compressing objects: 100% (2/2), done.
remote: Total 3 (delta 0), reused 0 (delta 0), pack-reused 0 (from 0)
Receiving objects: 100% (3/3), done.
câu 2
Admin@Admin-PC MINGW64 ~/OneDrive/New folder/24174600166_Nguyen_Thi_Ngoc_Anh_bai_tapgitt/24174600166_Nguyen_Thi_Ngoc_Anh_bai_tapgitt (main)
$ git add README.md

Admin@Admin-PC MINGW64 ~/OneDrive/New folder/24174600166_Nguyen_Thi_Ngoc_Anh_bai_tapgitt/24174600166_Nguyen_Thi_Ngoc_Anh_bai_tapgitt (main)
$ git commit -m"Lorem ipsum dolor sit amet, consectetur adipiscing elit. Integer efficitur, eros at
lacinia suscipit, magna turpis aliquam est, sit amet aliquam quam libero id mi. Ut vel
placerat risus. Sed tempor in ex vitae sodales. Donec et tempor orci. In pharetra viverra
sagittis. Vestibulum risus ante, molestie ac eros efficitur, bibendum tincidunt turpis. In sit
amet tortor gravida, ultricies ante vitae, varius tortor. Aliquam finibus porta nulla sed
gravida. Aliquam ultricies dapibus ante eget molestie. In hac habitasse platea dictumst.
Aliquam aliquam enim at massa pharetra, et vestibulum sapien consequat. Donec
accumsan quis metus at pellentesque. Morbi quis felis placerat, interdum justo a, aliquam
risus."
[main 47f20a7] Lorem ipsum dolor sit amet, consectetur adipiscing elit. Integer efficitur, eros at lacinia suscipit, magna turpis aliquam est, sit amet aliquam quam libero id mi. Ut vel placerat risus. Sed tempor in ex vitae sodales. Donec et tempor orci. In pharetra viverra sagittis. Vestibulum risus ante, molestie ac eros efficitur, bibendum tincidunt turpis. In sit amet tortor gravida, ultricies ante vitae, varius tortor. Aliquam finibus porta nulla sed gravida. Aliquam ultricies dapibus ante eget molestie. In hac habitasse platea dictumst. Aliquam aliquam enim at massa pharetra, et vestibulum sapien consequat. Donec accumsan quis metus at pellentesque. Morbi quis felis placerat, interdum justo a, aliquam risus.
 1 file changed, 10 insertions(+), 2 deletions(-)

Admin@Admin-PC MINGW64 ~/OneDrive/New folder/24174600166_Nguyen_Thi_Ngoc_Anh_bai_tapgitt/24174600166_Nguyen_Thi_Ngoc_Anh_bai_tapgitt (main)
$ git push origin main
Enumerating objects: 5, done.
Counting objects: 100% (5/5), done.
Delta compression using up to 12 threads
Compressing objects: 100% (2/2), done.
Writing objects: 100% (3/3), 987 bytes | 987.00 KiB/s, done.
Total 3 (delta 0), reused 0 (delta 0), pack-reused 0 (from 0)
To https://github.com/nguyenthingocanh2507/24174600166_Nguyen_Thi_Ngoc_Anh_bai_tapgitt.git
   c1535de..47f20a7  main -> main
câu 3 
  Admin@Admin-PC MINGW64 ~/OneDrive/New folder/24174600166_Nguyen_Thi_Ngoc_Anh_bai_tapgitt/24174600166_Nguyen_Thi_Ngoc_Anh_bai_tapgitt (main)
$ git checkout -b branch_1
Switched to a new branch 'branch_1'

Admin@Admin-PC MINGW64 ~/OneDrive/New folder/24174600166_Nguyen_Thi_Ngoc_Anh_bai_tapgitt/24174600166_Nguyen_Thi_Ngoc_Anh_bai_tapgitt (branch_1)
$ echo "Lorem ipsum dolor sit amet, consectetur adipiscing elit." > text_branch_1.txt

Admin@Admin-PC MINGW64 ~/OneDrive/New folder/24174600166_Nguyen_Thi_Ngoc_Anh_bai_tapgitt/24174600166_Nguyen_Thi_Ngoc_Anh_bai_tapgitt (branch_1)
$ git add text_branch_1.txt
warning: in the working copy of 'text_branch_1.txt', LF will be replaced by CRLF the next time Git touches it

Admin@Admin-PC MINGW64 ~/OneDrive/New folder/24174600166_Nguyen_Thi_Ngoc_Anh_bai_tapgitt/24174600166_Nguyen_Thi_Ngoc_Anh_bai_tapgitt (branch_1)
$  git commit -m "Tạo file và thêm nội dung vào text_branch_1.txt "
[branch_1 bf054d5] Tạo file và thêm nội dung vào text_branch_1.txt
 1 file changed, 1 insertion(+)
 create mode 100644 text_branch_1.txt

Admin@Admin-PC MINGW64 ~/OneDrive/New folder/24174600166_Nguyen_Thi_Ngoc_Anh_bai_tapgitt/24174600166_Nguyen_Thi_Ngoc_Anh_bai_tapgitt (branch_1)
$ git checkout main
Switched to branch 'main'
Your branch is up to date with 'origin/main'.

Admin@Admin-PC MINGW64 ~/OneDrive/New folder/24174600166_Nguyen_Thi_Ngoc_Anh_bai_tapgitt/24174600166_Nguyen_Thi_Ngoc_Anh_bai_tapgitt (main)
$ git checkout -b branch_2
Switched to a new branch 'branch_2'

Admin@Admin-PC MINGW64 ~/OneDrive/New folder/24174600166_Nguyen_Thi_Ngoc_Anh_bai_tapgitt/24174600166_Nguyen_Thi_Ngoc_Anh_bai_tapgitt (branch_2)
$ echo "Praesent ullamcorper orci eu erat placerat sodales." > text_branch_2.txt

Admin@Admin-PC MINGW64 ~/OneDrive/New folder/24174600166_Nguyen_Thi_Ngoc_Anh_bai_tapgitt/24174600166_Nguyen_Thi_Ngoc_Anh_bai_tapgitt (branch_2)
$ git add text_branch_2.txt
warning: in the working copy of 'text_branch_2.txt', LF will be replaced by CRLF the next time Git touches it

Admin@Admin-PC MINGW64 ~/OneDrive/New folder/24174600166_Nguyen_Thi_Ngoc_Anh_bai_tapgitt/24174600166_Nguyen_Thi_Ngoc_Anh_bai_tapgitt (branch_2)
$ git commit -m "Tạo file và thêm nội dung vào text_branch_2.txt "
[branch_2 e221080] Tạo file và thêm nội dung vào text_branch_2.txt
 1 file changed, 1 insertion(+)
 create mode 100644 text_branch_2.txt

Admin@Admin-PC MINGW64 ~/OneDrive/New folder/24174600166_Nguyen_Thi_Ngoc_Anh_bai_tapgitt/24174600166_Nguyen_Thi_Ngoc_Anh_bai_tapgitt (branch_2)
$ git checkout main
Switched to branch 'main'
Your branch is up to date with 'origin/main'.

Admin@Admin-PC MINGW64 ~/OneDrive/New folder/24174600166_Nguyen_Thi_Ngoc_Anh_bai_tapgitt/24174600166_Nguyen_Thi_Ngoc_Anh_bai_tapgitt (main)
$ git checkout -b branch_3
Switched to a new branch 'branch_3'

Admin@Admin-PC MINGW64 ~/OneDrive/New folder/24174600166_Nguyen_Thi_Ngoc_Anh_bai_tapgitt/24174600166_Nguyen_Thi_Ngoc_Anh_bai_tapgitt (branch_3)
$ echo "Integer sit amet nisi aliquam, tempor libero quis, cursus erat." > text_branch_3.txt

Admin@Admin-PC MINGW64 ~/OneDrive/New folder/24174600166_Nguyen_Thi_Ngoc_Anh_bai_tapgitt/24174600166_Nguyen_Thi_Ngoc_Anh_bai_tapgitt (branch_3)
$ git add text_branch_3.txt
warning: in the working copy of 'text_branch_3.txt', LF will be replaced by CRLF the next time Git touches it

Admin@Admin-PC MINGW64 ~/OneDrive/New folder/24174600166_Nguyen_Thi_Ngoc_Anh_bai_tapgitt/24174600166_Nguyen_Thi_Ngoc_Anh_bai_tapgitt (branch_3)
$ git commit -m "Tạo file và thêm nội dung vào text_branch_3.txt "
[branch_3 b15d83d] Tạo file và thêm nội dung vào text_branch_3.txt
 1 file changed, 1 insertion(+)
 create mode 100644 text_branch_3.txt

Admin@Admin-PC MINGW64 ~/OneDrive/New folder/24174600166_Nguyen_Thi_Ngoc_Anh_bai_tapgitt/24174600166_Nguyen_Thi_Ngoc_Anh_bai_tapgitt (branch_3)
$ git checkout main
Switched to branch 'main'
Your branch is up to date with 'origin/main'.

Admin@Admin-PC MINGW64 ~/OneDrive/New folder/24174600166_Nguyen_Thi_Ngoc_Anh_bai_tapgitt/24174600166_Nguyen_Thi_Ngoc_Anh_bai_tapgitt (main)
$ git checkout -b branch_4
Switched to a new branch 'branch_4'

Admin@Admin-PC MINGW64 ~/OneDrive/New folder/24174600166_Nguyen_Thi_Ngoc_Anh_bai_tapgitt/24174600166_Nguyen_Thi_Ngoc_Anh_bai_tapgitt (branch_4)
$ echo "Cras ac mi nec nisi porta ultrices sed non ante." > text_branch_4.txt

Admin@Admin-PC MINGW64 ~/OneDrive/New folder/24174600166_Nguyen_Thi_Ngoc_Anh_bai_tapgitt/24174600166_Nguyen_Thi_Ngoc_Anh_bai_tapgitt (branch_4)
$ git add text_branch_4.txt
warning: in the working copy of 'text_branch_4.txt', LF will be replaced by CRLF the next time Git touches it

Admin@Admin-PC MINGW64 ~/OneDrive/New folder/24174600166_Nguyen_Thi_Ngoc_Anh_bai_tapgitt/24174600166_Nguyen_Thi_Ngoc_Anh_bai_tapgitt (branch_4)
$ git commit -m "Tạo file và thêm nội dung vào text_branch_4.txt "
[branch_4 49aa164] Tạo file và thêm nội dung vào text_branch_4.txt
 1 file changed, 1 insertion(+)
 create mode 100644 text_branch_4.txt

Admin@Admin-PC MINGW64 ~/OneDrive/New folder/24174600166_Nguyen_Thi_Ngoc_Anh_bai_tapgitt/24174600166_Nguyen_Thi_Ngoc_Anh_bai_tapgitt (branch_4)
$ git checkout main
Switched to branch 'main'
Your branch is up to date with 'origin/main'.

Admin@Admin-PC MINGW64 ~/OneDrive/New folder/24174600166_Nguyen_Thi_Ngoc_Anh_bai_tapgitt/24174600166_Nguyen_Thi_Ngoc_Anh_bai_tapgitt (main)
$ git push -u origin main
Everything up-to-date
branch 'main' set up to track 'origin/main'.

Admin@Admin-PC MINGW64 ~/OneDrive/New folder/24174600166_Nguyen_Thi_Ngoc_Anh_bai_tapgitt/24174600166_Nguyen_Thi_Ngoc_Anh_bai_tapgitt (main)
$ git push -u origin branch_1
Enumerating objects: 4, done.
Counting objects: 100% (4/4), done.
Delta compression using up to 12 threads
Compressing objects: 100% (3/3), done.
Writing objects: 100% (3/3), 384 bytes | 384.00 KiB/s, done.
Total 3 (delta 0), reused 0 (delta 0), pack-reused 0 (from 0)
remote:
remote: Create a pull request for 'branch_1' on GitHub by visiting:
remote:      https://github.com/nguyenthingocanh2507/24174600166_Nguyen_Thi_Ngoc_Anh_bai_tapgitt/pull/new/branch_1
remote:
To https://github.com/nguyenthingocanh2507/24174600166_Nguyen_Thi_Ngoc_Anh_bai_tapgitt.git
 * [new branch]      branch_1 -> branch_1
branch 'branch_1' set up to track 'origin/branch_1'.

Admin@Admin-PC MINGW64 ~/OneDrive/New folder/24174600166_Nguyen_Thi_Ngoc_Anh_bai_tapgitt/24174600166_Nguyen_Thi_Ngoc_Anh_bai_tapgitt (main)
$ git push -u origin branch_2
Enumerating objects: 4, done.
Counting objects: 100% (4/4), done.
Delta compression using up to 12 threads
Compressing objects: 100% (3/3), done.
Writing objects: 100% (3/3), 378 bytes | 378.00 KiB/s, done.
Total 3 (delta 0), reused 0 (delta 0), pack-reused 0 (from 0)
remote:
remote: Create a pull request for 'branch_2' on GitHub by visiting:
remote:      https://github.com/nguyenthingocanh2507/24174600166_Nguyen_Thi_Ngoc_Anh_bai_tapgitt/pull/new/branch_2
remote:
To https://github.com/nguyenthingocanh2507/24174600166_Nguyen_Thi_Ngoc_Anh_bai_tapgitt.git
 * [new branch]      branch_2 -> branch_2
branch 'branch_2' set up to track 'origin/branch_2'.

Admin@Admin-PC MINGW64 ~/OneDrive/New folder/24174600166_Nguyen_Thi_Ngoc_Anh_bai_tapgitt/24174600166_Nguyen_Thi_Ngoc_Anh_bai_tapgitt (main)
$ git push -u origin branch_3
Enumerating objects: 4, done.
Counting objects: 100% (4/4), done.
Delta compression using up to 12 threads
Compressing objects: 100% (3/3), done.
Writing objects: 100% (3/3), 387 bytes | 387.00 KiB/s, done.
Total 3 (delta 0), reused 0 (delta 0), pack-reused 0 (from 0)
remote:
remote: Create a pull request for 'branch_3' on GitHub by visiting:
remote:      https://github.com/nguyenthingocanh2507/24174600166_Nguyen_Thi_Ngoc_Anh_bai_tapgitt/pull/new/branch_3
remote:
To https://github.com/nguyenthingocanh2507/24174600166_Nguyen_Thi_Ngoc_Anh_bai_tapgitt.git
 * [new branch]      branch_3 -> branch_3
branch 'branch_3' set up to track 'origin/branch_3'.

Admin@Admin-PC MINGW64 ~/OneDrive/New folder/24174600166_Nguyen_Thi_Ngoc_Anh_bai_tapgitt/24174600166_Nguyen_Thi_Ngoc_Anh_bai_tapgitt (main)
$ git push -u origin branch_4
Enumerating objects: 4, done.
Counting objects: 100% (4/4), done.
Delta compression using up to 12 threads
Compressing objects: 100% (2/2), done.
Writing objects: 100% (3/3), 377 bytes | 377.00 KiB/s, done.
Total 3 (delta 0), reused 0 (delta 0), pack-reused 0 (from 0)
remote:
remote: Create a pull request for 'branch_4' on GitHub by visiting:
remote:      https://github.com/nguyenthingocanh2507/24174600166_Nguyen_Thi_Ngoc_Anh_bai_tapgitt/pull/new/branch_4
remote:
To https://github.com/nguyenthingocanh2507/24174600166_Nguyen_Thi_Ngoc_Anh_bai_tapgitt.git
 * [new branch]      branch_4 -> branch_4
branch 'branch_4' set up to track 'origin/branch_4'.
câu 4
Admin@Admin-PC MINGW64 ~/OneDrive/New folder/24174600166_Nguyen_Thi_Ngoc_Anh_bai_tapgitt/24174600166_Nguyen_Thi_Ngoc_Anh_bai_tapgitt (main)
$ git branch -D branch_4
Deleted branch branch_4 (was 49aa164).

Admin@Admin-PC MINGW64 ~/OneDrive/New folder/24174600166_Nguyen_Thi_Ngoc_Anh_bai_tapgitt/24174600166_Nguyen_Thi_Ngoc_Anh_bai_tapgitt (main)
$ git branch --list
  branch_1
  branch_2
  branch_3
* main
câu 5 
Admin@Admin-PC MINGW64 ~/OneDrive/New folder/24174600166_Nguyen_Thi_Ngoc_Anh_bai_tapgitt/24174600166_Nguyen_Thi_Ngoc_Anh_bai_tapgitt (main)
$ git pull
remote: Enumerating objects: 4, done.
remote: Counting objects: 100% (4/4), done.
remote: Compressing objects: 100% (3/3), done.
remote: Total 3 (delta 0), reused 0 (delta 0), pack-reused 0 (from 0)
Unpacking objects: 100% (3/3), 2.52 KiB | 287.00 KiB/s, done.
From https://github.com/nguyenthingocanh2507/24174600166_Nguyen_Thi_Ngoc_Anh_bai_tapgitt
   47f20a7..4677b39  main       -> origin/main
Updating 47f20a7..4677b39
Fast-forward
 caulenh.txt | 194 ++++++++++++++++++++++++++++++++++++++++++++++++++++++++++++
 1 file changed, 194 insertions(+)
 create mode 100644 caulenh.txt

