câu 1
Admin@Admin-PC MINGW64 ~/OneDrive/New folder/24174600166_Nguyen_Thi_Ngoc_Anh_bai_tapgitt (main)
$ git clone https://github.com/nguyenthingocanh2507/24174600166_Nguyen_Thi_Ngoc_Anh_bai_tapgitt.git
Cloning into '24174600166_Nguyen_Thi_Ngoc_Anh_bai_tapgitt'...
remote: Enumerating objects: 3, done.
remote: Counting objects: 100% (3/3), done.
remote: Compressing objects: 100% (2/2), done.
remote: Total 3 (delta 0), reused 0 (delta 0), pack-reused 0 (from 0)
Receiving objects: 100% (3/3), done.
câu 2
Admin@Admin-PC MINGW64 ~/OneDrive/New folder/24174600166_Nguyen_Thi_Ngoc_Anh_bai_tapgitt/24174600166_Nguyen_Thi_Ngoc_Anh_bai_tapgitt (main)
$ git add README.md

Admin@Admin-PC MINGW64 ~/OneDrive/New folder/24174600166_Nguyen_Thi_Ngoc_Anh_bai_tapgitt/24174600166_Nguyen_Thi_Ngoc_Anh_bai_tapgitt (main)
$ git commit -m"Lorem ipsum dolor sit amet, consectetur adipiscing elit. Integer efficitur, eros at
lacinia suscipit, magna turpis aliquam est, sit amet aliquam quam libero id mi. Ut vel
placerat risus. Sed tempor in ex vitae sodales. Donec et tempor orci. In pharetra viverra
sagittis. Vestibulum risus ante, molestie ac eros efficitur, bibendum tincidunt turpis. In sit
amet tortor gravida, ultricies ante vitae, varius tortor. Aliquam finibus porta nulla sed
gravida. Aliquam ultricies dapibus ante eget molestie. In hac habitasse platea dictumst.
Aliquam aliquam enim at massa pharetra, et vestibulum sapien consequat. Donec
accumsan quis metus at pellentesque. Morbi quis felis placerat, interdum justo a, aliquam
risus."
[main 47f20a7] Lorem ipsum dolor sit amet, consectetur adipiscing elit. Integer efficitur, eros at lacinia suscipit, magna turpis aliquam est, sit amet aliquam quam libero id mi. Ut vel placerat risus. Sed tempor in ex vitae sodales. Donec et tempor orci. In pharetra viverra sagittis. Vestibulum risus ante, molestie ac eros efficitur, bibendum tincidunt turpis. In sit amet tortor gravida, ultricies ante vitae, varius tortor. Aliquam finibus porta nulla sed gravida. Aliquam ultricies dapibus ante eget molestie. In hac habitasse platea dictumst. Aliquam aliquam enim at massa pharetra, et vestibulum sapien consequat. Donec accumsan quis metus at pellentesque. Morbi quis felis placerat, interdum justo a, aliquam risus.
 1 file changed, 10 insertions(+), 2 deletions(-)

Admin@Admin-PC MINGW64 ~/OneDrive/New folder/24174600166_Nguyen_Thi_Ngoc_Anh_bai_tapgitt/24174600166_Nguyen_Thi_Ngoc_Anh_bai_tapgitt (main)
$ git push origin main
Enumerating objects: 5, done.
Counting objects: 100% (5/5), done.
Delta compression using up to 12 threads
Compressing objects: 100% (2/2), done.
Writing objects: 100% (3/3), 987 bytes | 987.00 KiB/s, done.
Total 3 (delta 0), reused 0 (delta 0), pack-reused 0 (from 0)
To https://github.com/nguyenthingocanh2507/24174600166_Nguyen_Thi_Ngoc_Anh_bai_tapgitt.git
   c1535de..47f20a7  main -> main
câu 3 
  Admin@Admin-PC MINGW64 ~/OneDrive/New folder/24174600166_Nguyen_Thi_Ngoc_Anh_bai_tapgitt/24174600166_Nguyen_Thi_Ngoc_Anh_bai_tapgitt (main)
$ git checkout -b branch_1
Switched to a new branch 'branch_1'

Admin@Admin-PC MINGW64 ~/OneDrive/New folder/24174600166_Nguyen_Thi_Ngoc_Anh_bai_tapgitt/24174600166_Nguyen_Thi_Ngoc_Anh_bai_tapgitt (branch_1)
$ echo "Lorem ipsum dolor sit amet, consectetur adipiscing elit." > text_branch_1.txt

Admin@Admin-PC MINGW64 ~/OneDrive/New folder/24174600166_Nguyen_Thi_Ngoc_Anh_bai_tapgitt/24174600166_Nguyen_Thi_Ngoc_Anh_bai_tapgitt (branch_1)
$ git add text_branch_1.txt
warning: in the working copy of 'text_branch_1.txt', LF will be replaced by CRLF the next time Git touches it

Admin@Admin-PC MINGW64 ~/OneDrive/New folder/24174600166_Nguyen_Thi_Ngoc_Anh_bai_tapgitt/24174600166_Nguyen_Thi_Ngoc_Anh_bai_tapgitt (branch_1)
$  git commit -m "Tạo file và thêm nội dung vào text_branch_1.txt "
[branch_1 bf054d5] Tạo file và thêm nội dung vào text_branch_1.txt
 1 file changed, 1 insertion(+)
 create mode 100644 text_branch_1.txt

Admin@Admin-PC MINGW64 ~/OneDrive/New folder/24174600166_Nguyen_Thi_Ngoc_Anh_bai_tapgitt/24174600166_Nguyen_Thi_Ngoc_Anh_bai_tapgitt (branch_1)
$ git checkout main
Switched to branch 'main'
Your branch is up to date with 'origin/main'.

Admin@Admin-PC MINGW64 ~/OneDrive/New folder/24174600166_Nguyen_Thi_Ngoc_Anh_bai_tapgitt/24174600166_Nguyen_Thi_Ngoc_Anh_bai_tapgitt (main)
$ git checkout -b branch_2
Switched to a new branch 'branch_2'

Admin@Admin-PC MINGW64 ~/OneDrive/New folder/24174600166_Nguyen_Thi_Ngoc_Anh_bai_tapgitt/24174600166_Nguyen_Thi_Ngoc_Anh_bai_tapgitt (branch_2)
$ echo "Praesent ullamcorper orci eu erat placerat sodales." > text_branch_2.txt

Admin@Admin-PC MINGW64 ~/OneDrive/New folder/24174600166_Nguyen_Thi_Ngoc_Anh_bai_tapgitt/24174600166_Nguyen_Thi_Ngoc_Anh_bai_tapgitt (branch_2)
$ git add text_branch_2.txt
warning: in the working copy of 'text_branch_2.txt', LF will be replaced by CRLF the next time Git touches it

Admin@Admin-PC MINGW64 ~/OneDrive/New folder/24174600166_Nguyen_Thi_Ngoc_Anh_bai_tapgitt/24174600166_Nguyen_Thi_Ngoc_Anh_bai_tapgitt (branch_2)
$ git commit -m "Tạo file và thêm nội dung vào text_branch_2.txt "
[branch_2 e221080] Tạo file và thêm nội dung vào text_branch_2.txt
 1 file changed, 1 insertion(+)
 create mode 100644 text_branch_2.txt

Admin@Admin-PC MINGW64 ~/OneDrive/New folder/24174600166_Nguyen_Thi_Ngoc_Anh_bai_tapgitt/24174600166_Nguyen_Thi_Ngoc_Anh_bai_tapgitt (branch_2)
$ git checkout main
Switched to branch 'main'
Your branch is up to date with 'origin/main'.

Admin@Admin-PC MINGW64 ~/OneDrive/New folder/24174600166_Nguyen_Thi_Ngoc_Anh_bai_tapgitt/24174600166_Nguyen_Thi_Ngoc_Anh_bai_tapgitt (main)
$ git checkout -b branch_3
Switched to a new branch 'branch_3'

Admin@Admin-PC MINGW64 ~/OneDrive/New folder/24174600166_Nguyen_Thi_Ngoc_Anh_bai_tapgitt/24174600166_Nguyen_Thi_Ngoc_Anh_bai_tapgitt (branch_3)
$ echo "Integer sit amet nisi aliquam, tempor libero quis, cursus erat." > text_branch_3.txt

Admin@Admin-PC MINGW64 ~/OneDrive/New folder/24174600166_Nguyen_Thi_Ngoc_Anh_bai_tapgitt/24174600166_Nguyen_Thi_Ngoc_Anh_bai_tapgitt (branch_3)
$ git add text_branch_3.txt
warning: in the working copy of 'text_branch_3.txt', LF will be replaced by CRLF the next time Git touches it

Admin@Admin-PC MINGW64 ~/OneDrive/New folder/24174600166_Nguyen_Thi_Ngoc_Anh_bai_tapgitt/24174600166_Nguyen_Thi_Ngoc_Anh_bai_tapgitt (branch_3)
$ git commit -m "Tạo file và thêm nội dung vào text_branch_3.txt "
[branch_3 b15d83d] Tạo file và thêm nội dung vào text_branch_3.txt
 1 file changed, 1 insertion(+)
 create mode 100644 text_branch_3.txt

Admin@Admin-PC MINGW64 ~/OneDrive/New folder/24174600166_Nguyen_Thi_Ngoc_Anh_bai_tapgitt/24174600166_Nguyen_Thi_Ngoc_Anh_bai_tapgitt (branch_3)
$ git checkout main
Switched to branch 'main'
Your branch is up to date with 'origin/main'.

Admin@Admin-PC MINGW64 ~/OneDrive/New folder/24174600166_Nguyen_Thi_Ngoc_Anh_bai_tapgitt/24174600166_Nguyen_Thi_Ngoc_Anh_bai_tapgitt (main)
$ git checkout -b branch_4
Switched to a new branch 'branch_4'

Admin@Admin-PC MINGW64 ~/OneDrive/New folder/24174600166_Nguyen_Thi_Ngoc_Anh_bai_tapgitt/24174600166_Nguyen_Thi_Ngoc_Anh_bai_tapgitt (branch_4)
$ echo "Cras ac mi nec nisi porta ultrices sed non ante." > text_branch_4.txt

Admin@Admin-PC MINGW64 ~/OneDrive/New folder/24174600166_Nguyen_Thi_Ngoc_Anh_bai_tapgitt/24174600166_Nguyen_Thi_Ngoc_Anh_bai_tapgitt (branch_4)
$ git add text_branch_4.txt
warning: in the working copy of 'text_branch_4.txt', LF will be replaced by CRLF the next time Git touches it

Admin@Admin-PC MINGW64 ~/OneDrive/New folder/24174600166_Nguyen_Thi_Ngoc_Anh_bai_tapgitt/24174600166_Nguyen_Thi_Ngoc_Anh_bai_tapgitt (branch_4)
$ git commit -m "Tạo file và thêm nội dung vào text_branch_4.txt "
[branch_4 49aa164] Tạo file và thêm nội dung vào text_branch_4.txt
 1 file changed, 1 insertion(+)
 create mode 100644 text_branch_4.txt

Admin@Admin-PC MINGW64 ~/OneDrive/New folder/24174600166_Nguyen_Thi_Ngoc_Anh_bai_tapgitt/24174600166_Nguyen_Thi_Ngoc_Anh_bai_tapgitt (branch_4)
$ git checkout main
Switched to branch 'main'
Your branch is up to date with 'origin/main'.

Admin@Admin-PC MINGW64 ~/OneDrive/New folder/24174600166_Nguyen_Thi_Ngoc_Anh_bai_tapgitt/24174600166_Nguyen_Thi_Ngoc_Anh_bai_tapgitt (main)
$ git push -u origin main
Everything up-to-date
branch 'main' set up to track 'origin/main'.

Admin@Admin-PC MINGW64 ~/OneDrive/New folder/24174600166_Nguyen_Thi_Ngoc_Anh_bai_tapgitt/24174600166_Nguyen_Thi_Ngoc_Anh_bai_tapgitt (main)
$ git push -u origin branch_1
Enumerating objects: 4, done.
Counting objects: 100% (4/4), done.
Delta compression using up to 12 threads
Compressing objects: 100% (3/3), done.
Writing objects: 100% (3/3), 384 bytes | 384.00 KiB/s, done.
Total 3 (delta 0), reused 0 (delta 0), pack-reused 0 (from 0)
remote:
remote: Create a pull request for 'branch_1' on GitHub by visiting:
remote:      https://github.com/nguyenthingocanh2507/24174600166_Nguyen_Thi_Ngoc_Anh_bai_tapgitt/pull/new/branch_1
remote:
To https://github.com/nguyenthingocanh2507/24174600166_Nguyen_Thi_Ngoc_Anh_bai_tapgitt.git
 * [new branch]      branch_1 -> branch_1
branch 'branch_1' set up to track 'origin/branch_1'.

Admin@Admin-PC MINGW64 ~/OneDrive/New folder/24174600166_Nguyen_Thi_Ngoc_Anh_bai_tapgitt/24174600166_Nguyen_Thi_Ngoc_Anh_bai_tapgitt (main)
$ git push -u origin branch_2
Enumerating objects: 4, done.
Counting objects: 100% (4/4), done.
Delta compression using up to 12 threads
Compressing objects: 100% (3/3), done.
Writing objects: 100% (3/3), 378 bytes | 378.00 KiB/s, done.
Total 3 (delta 0), reused 0 (delta 0), pack-reused 0 (from 0)
remote:
remote: Create a pull request for 'branch_2' on GitHub by visiting:
remote:      https://github.com/nguyenthingocanh2507/24174600166_Nguyen_Thi_Ngoc_Anh_bai_tapgitt/pull/new/branch_2
remote:
To https://github.com/nguyenthingocanh2507/24174600166_Nguyen_Thi_Ngoc_Anh_bai_tapgitt.git
 * [new branch]      branch_2 -> branch_2
branch 'branch_2' set up to track 'origin/branch_2'.

Admin@Admin-PC MINGW64 ~/OneDrive/New folder/24174600166_Nguyen_Thi_Ngoc_Anh_bai_tapgitt/24174600166_Nguyen_Thi_Ngoc_Anh_bai_tapgitt (main)
$ git push -u origin branch_3
Enumerating objects: 4, done.
Counting objects: 100% (4/4), done.
Delta compression using up to 12 threads
Compressing objects: 100% (3/3), done.
Writing objects: 100% (3/3), 387 bytes | 387.00 KiB/s, done.
Total 3 (delta 0), reused 0 (delta 0), pack-reused 0 (from 0)
remote:
remote: Create a pull request for 'branch_3' on GitHub by visiting:
remote:      https://github.com/nguyenthingocanh2507/24174600166_Nguyen_Thi_Ngoc_Anh_bai_tapgitt/pull/new/branch_3
remote:
To https://github.com/nguyenthingocanh2507/24174600166_Nguyen_Thi_Ngoc_Anh_bai_tapgitt.git
 * [new branch]      branch_3 -> branch_3
branch 'branch_3' set up to track 'origin/branch_3'.

Admin@Admin-PC MINGW64 ~/OneDrive/New folder/24174600166_Nguyen_Thi_Ngoc_Anh_bai_tapgitt/24174600166_Nguyen_Thi_Ngoc_Anh_bai_tapgitt (main)
$ git push -u origin branch_4
Enumerating objects: 4, done.
Counting objects: 100% (4/4), done.
Delta compression using up to 12 threads
Compressing objects: 100% (2/2), done.
Writing objects: 100% (3/3), 377 bytes | 377.00 KiB/s, done.
Total 3 (delta 0), reused 0 (delta 0), pack-reused 0 (from 0)
remote:
remote: Create a pull request for 'branch_4' on GitHub by visiting:
remote:      https://github.com/nguyenthingocanh2507/24174600166_Nguyen_Thi_Ngoc_Anh_bai_tapgitt/pull/new/branch_4
remote:
To https://github.com/nguyenthingocanh2507/24174600166_Nguyen_Thi_Ngoc_Anh_bai_tapgitt.git
 * [new branch]      branch_4 -> branch_4
branch 'branch_4' set up to track 'origin/branch_4'.
câu 4
Admin@Admin-PC MINGW64 ~/OneDrive/New folder/24174600166_Nguyen_Thi_Ngoc_Anh_bai_tapgitt/24174600166_Nguyen_Thi_Ngoc_Anh_bai_tapgitt (main)
$ git branch -D branch_4
Deleted branch branch_4 (was 49aa164).

Admin@Admin-PC MINGW64 ~/OneDrive/New folder/24174600166_Nguyen_Thi_Ngoc_Anh_bai_tapgitt/24174600166_Nguyen_Thi_Ngoc_Anh_bai_tapgitt (main)
$ git branch --list
  branch_1
  branch_2
  branch_3
* main
câu 5 
Admin@Admin-PC MINGW64 ~/OneDrive/New folder/24174600166_Nguyen_Thi_Ngoc_Anh_bai_tapgitt/24174600166_Nguyen_Thi_Ngoc_Anh_bai_tapgitt (main)
$ git pull
remote: Enumerating objects: 4, done.
remote: Counting objects: 100% (4/4), done.
remote: Compressing objects: 100% (3/3), done.
remote: Total 3 (delta 0), reused 0 (delta 0), pack-reused 0 (from 0)
Unpacking objects: 100% (3/3), 2.52 KiB | 287.00 KiB/s, done.
From https://github.com/nguyenthingocanh2507/24174600166_Nguyen_Thi_Ngoc_Anh_bai_tapgitt
   47f20a7..4677b39  main       -> origin/main
Updating 47f20a7..4677b39
Fast-forward
 caulenh.txt | 194 ++++++++++++++++++++++++++++++++++++++++++++++++++++++++++++
 1 file changed, 194 insertions(+)
 create mode 100644 caulenh.txt
câu 7
$ mkdir main_folder

Admin@Admin-PC MINGW64 ~/OneDrive/New folder/24174600166_Nguyen_Thi_Ngoc_Anh_bai_tapgitt/24174600166_Nguyen_Thi_Ngoc_Anh_bai_tapgitt (main)
$ cd main_folder

Admin@Admin-PC MINGW64 ~/OneDrive/New folder/24174600166_Nguyen_Thi_Ngoc_Anh_bai_tapgitt/24174600166_Nguyen_Thi_Ngoc_Anh_bai_tapgitt/main_folder (main)
$ touch main_txt_1.txt main_txt_2.txt main_txt_3.txt

Admin@Admin-PC MINGW64 ~/OneDrive/New folder/24174600166_Nguyen_Thi_Ngoc_Anh_bai_tapgitt/24174600166_Nguyen_Thi_Ngoc_Anh_bai_tapgitt/main_folder (main)
$ git add .

Admin@Admin-PC MINGW64 ~/OneDrive/New folder/24174600166_Nguyen_Thi_Ngoc_Anh_bai_tapgitt/24174600166_Nguyen_Thi_Ngoc_Anh_bai_tapgitt/main_folder (main)
$ git commit -m " day la main_foler"
[main 4a5044a]  day la main_foler
 3 files changed, 0 insertions(+), 0 deletions(-)
 create mode 100644 main_folder/main_txt_1.txt
 create mode 100644 main_folder/main_txt_2.txt
 create mode 100644 main_folder/main_txt_3.txtAdmin@Admin-PC MINGW64 ~/OneDrive/New folder/24174600166_Nguyen_Thi_Ngoc_Anh_bai_tapgitt/24174600166_Nguyen_Thi_Ngoc_Anh_bai_tapgitt/main_folder (main)
$ git pull origin main
remote: Enumerating objects: 5, done.
remote: Counting objects: 100% (5/5), done.
remote: Compressing objects: 100% (3/3), done.
remote: Total 3 (delta 1), reused 0 (delta 0), pack-reused 0 (from 0)
Unpacking objects: 100% (3/3), 1.22 KiB | 33.00 KiB/s, done.
From https://github.com/nguyenthingocanh2507/24174600166_Nguyen_Thi_Ngoc_Anh_bai_tapgitt
 * branch            main       -> FETCH_HEAD
   4677b39..c214b80  main       -> origin/main
Merge made by the 'ort' strategy.
 caulenh.txt | 26 ++++++++++++++++++++++++++
 1 file changed, 26 insertions(+)

Admin@Admin-PC MINGW64 ~/OneDrive/New folder/24174600166_Nguyen_Thi_Ngoc_Anh_bai_tapgitt/24174600166_Nguyen_Thi_Ngoc_Anh_bai_tapgitt/main_folder (main)
$ git push origin main
Enumerating objects: 8, done.
Counting objects: 100% (8/8), done.
Delta compression using up to 12 threads
Compressing objects: 100% (5/5), done.
Writing objects: 100% (6/6), 761 bytes | 761.00 KiB/s, done.
Total 6 (delta 0), reused 0 (delta 0), pack-reused 0 (from 0)
To https://github.com/nguyenthingocanh2507/24174600166_Nguyen_Thi_Ngoc_Anh_bai_tapgitt.git
   c214b80..140451a  main -> main

Admin@Admin-PC MINGW64 ~/OneDrive/New folder/24174600166_Nguyen_Thi_Ngoc_Anh_bai_tapgitt/24174600166_Nguyen_Thi_Ngoc_Anh_bai_tapgitt/main_folder (main)
$ git pull origin main
From https://github.com/nguyenthingocanh2507/24174600166_Nguyen_Thi_Ngoc_Anh_bai_tapgitt
 * branch            main       -> FETCH_HEAD
Already up to date.
câu 8
Admin@Admin-PC MINGW64 ~/OneDrive/New folder/24174600166_Nguyen_Thi_Ngoc_Anh_bai_tapgitt/24174600166_Nguyen_Thi_Ngoc_Anh_bai_tapgitt/main_folder (main)
$ git checkout branch_1
Switched to branch 'branch_1'
Your branch is up to date with 'origin/branch_1'.

Admin@Admin-PC MINGW64 ~/OneDrive/New folder/24174600166_Nguyen_Thi_Ngoc_Anh_bai_tapgitt/24174600166_Nguyen_Thi_Ngoc_Anh_bai_tapgitt/main_folder (branch_1)
$ cd ..

Admin@Admin-PC MINGW64 ~/OneDrive/New folder/24174600166_Nguyen_Thi_Ngoc_Anh_bai_tapgitt/24174600166_Nguyen_Thi_Ngoc_Anh_bai_tapgitt (branch_1)
$ git checkout branch_5
Switched to branch 'branch_5'

Admin@Admin-PC MINGW64 ~/OneDrive/New folder/24174600166_Nguyen_Thi_Ngoc_Anh_bai_tapgitt/24174600166_Nguyen_Thi_Ngoc_Anh_bai_tapgitt (branch_5)
$  echo "Etiam malesuada felis nulla, ac porta dui sollicitudin eget. Mauris hendrerit non  metus eget pellentesque. Etiam ornare ante at pretium hendrerit. Proin molestie accumsan  sapien, ac finibus libero lobortis quis. Praesent ac commodo eros. Nullam malesuada v el  dui nec feugiat. Cras justo ipsum, scelerisque et elit vitae, porttitor tristique turpis. Nam  ut hendrerit est. Nulla sed tincidunt nibh. Class aptent taciti sociosqu ad litora torquent  per conubia nostra, per inceptos himenaeos. Quisque vitae egestas lacus. Phasellus turpis  ante, euismod quis pellentesque et, pharetra id ligula. Vestibulum mattis sem ac ligula  auctor viverra. Phasellus dignissim mollis leo, vitae tristique enim. ">text_branch_1.txt

Admin@Admin-PC MINGW64 ~/OneDrive/New folder/24174600166_Nguyen_Thi_Ngoc_Anh_bai_tapgitt/24174600166_Nguyen_Thi_Ngoc_Anh_bai_tapgitt (branch_5)
$ git add text_branch_1.txt
warning: in the working copy of 'text_branch_1.txt', LF will be replaced by CRLF the next time Git touches it

Admin@Admin-PC MINGW64 ~/OneDrive/New folder/24174600166_Nguyen_Thi_Ngoc_Anh_bai_tapgitt/24174600166_Nguyen_Thi_Ngoc_Anh_bai_tapgitt (branch_5)
$ git commit -m " chinh sua branch_1 trong branch_5"
[branch_5 9bce639]  chinh sua branch_1 trong branch_5
 1 file changed, 1 insertion(+), 1 deletion(-)

Admin@Admin-PC MINGW64 ~/OneDrive/New folder/24174600166_Nguyen_Thi_Ngoc_Anh_bai_tapgitt/24174600166_Nguyen_Thi_Ngoc_Anh_bai_tapgitt (branch_5)
$ git push origin branch_5
Enumerating objects: 5, done.
Counting objects: 100% (5/5), done.
Delta compression using up to 12 threads
Compressing objects: 100% (3/3), done.
Writing objects: 100% (3/3), 646 bytes | 646.00 KiB/s, done.
Total 3 (delta 1), reused 0 (delta 0), pack-reused 0 (from 0)
remote: Resolving deltas: 100% (1/1), completed with 1 local object.
To https://github.com/nguyenthingocanh2507/24174600166_Nguyen_Thi_Ngoc_Anh_bai_tapgitt.git
   f2bf512..9bce639  branch_5 -> branch_5

Admin@Admin-PC MINGW64 ~/OneDrive/New folder/24174600166_Nguyen_Thi_Ngoc_Anh_bai_tapgitt/24174600166_Nguyen_Thi_Ngoc_Anh_bai_tapgitt (branch_5)
$ git push origin --delete branch_5
To https://github.com/nguyenthingocanh2507/24174600166_Nguyen_Thi_Ngoc_Anh_bai_tapgitt.git
 - [deleted]         branch_5

Admin@Admin-PC MINGW64 ~/OneDrive/New folder/24174600166_Nguyen_Thi_Ngoc_Anh_bai_tapgitt/24174600166_Nguyen_Thi_Ngoc_Anh_bai_tapgitt (branch_5)
$ git checkout main
Switched to branch 'main'
Your branch is up to date with 'origin/main'.

Admin@Admin-PC MINGW64 ~/OneDrive/New folder/24174600166_Nguyen_Thi_Ngoc_Anh_bai_tapgitt/24174600166_Nguyen_Thi_Ngoc_Anh_bai_tapgitt (main)
$ git branch -D branch_5
Deleted branch branch_5 (was 9bce639).
câu 9 làm trên pull request
câu 10
Admin@Admin-PC MINGW64 ~/OneDrive/New folder/24174600166_Nguyen_Thi_Ngoc_Anh_bai_tapgitt/24174600166_Nguyen_Thi_Ngoc_Anh_bai_tapgitt (branch_1)
$ git checkout main
Switched to branch 'main'
Your branch is ahead of 'origin/main' by 2 commits.
  (use "git push" to publish your local commits)

Admin@Admin-PC MINGW64 ~/OneDrive/New folder/24174600166_Nguyen_Thi_Ngoc_Anh_bai_tapgitt/24174600166_Nguyen_Thi_Ngoc_Anh_bai_tapgitt (main)
$ git branch -d branch_2
warning: deleting branch 'branch_2' that has been merged to
         'refs/remotes/origin/branch_2', but not yet merged to HEAD
Deleted branch branch_2 (was e221080).

Admin@Admin-PC MINGW64 ~/OneDrive/New folder/24174600166_Nguyen_Thi_Ngoc_Anh_bai_tapgitt/24174600166_Nguyen_Thi_Ngoc_Anh_bai_tapgitt (main)
$ git branch -d branch_3
warning: deleting branch 'branch_3' that has been merged to
         'refs/remotes/origin/branch_3', but not yet merged to HEAD
Deleted branch branch_3 (was b15d83d).

Admin@Admin-PC MINGW64 ~/OneDrive/New folder/24174600166_Nguyen_Thi_Ngoc_Anh_bai_tapgitt/24174600166_Nguyen_Thi_Ngoc_Anh_bai_tapgitt (main)
$ git branch -d branch_4
error: branch 'branch_4' not found

Admin@Admin-PC MINGW64 ~/OneDrive/New folder/24174600166_Nguyen_Thi_Ngoc_Anh_bai_tapgitt/24174600166_Nguyen_Thi_Ngoc_Anh_bai_tapgitt (main)
$  git push origin --delete branch_2
To https://github.com/nguyenthingocanh2507/24174600166_Nguyen_Thi_Ngoc_Anh_bai_tapgitt.git
 - [deleted]         branch_2

Admin@Admin-PC MINGW64 ~/OneDrive/New folder/24174600166_Nguyen_Thi_Ngoc_Anh_bai_tapgitt/24174600166_Nguyen_Thi_Ngoc_Anh_bai_tapgitt (main)
$ git push origin --delete branch_3
To https://github.com/nguyenthingocanh2507/24174600166_Nguyen_Thi_Ngoc_Anh_bai_tapgitt.git
 - [deleted]         branch_3

Admin@Admin-PC MINGW64 ~/OneDrive/New folder/24174600166_Nguyen_Thi_Ngoc_Anh_bai_tapgitt/24174600166_Nguyen_Thi_Ngoc_Anh_bai_tapgitt (main)
$ git push origin --delete branch_4
To https://github.com/nguyenthingocanh2507/24174600166_Nguyen_Thi_Ngoc_Anh_bai_tapgitt.git
 - [deleted]         branch_4

Admin@Admin-PC MINGW64 ~/OneDrive/New folder/24174600166_Nguyen_Thi_Ngoc_Anh_bai_tapgitt/24174600166_Nguyen_Thi_Ngoc_Anh_bai_tapgitt (main)
$ git checkout branch_1
Switched to branch 'branch_1'
Your branch is up to date with 'origin/branch_1'.

Admin@Admin-PC MINGW64 ~/OneDrive/New folder/24174600166_Nguyen_Thi_Ngoc_Anh_bai_tapgitt/24174600166_Nguyen_Thi_Ngoc_Anh_bai_tapgitt (branch_1)
$ git pull origin main
remote: Enumerating objects: 34, done.
remote: Counting objects: 100% (34/34), done.
remote: Compressing objects: 100% (27/27), done.
remote: Total 29 (delta 13), reused 7 (delta 0), pack-reused 0 (from 0)
Unpacking objects: 100% (29/29), 8.93 KiB | 228.00 KiB/s, done.
From https://github.com/nguyenthingocanh2507/24174600166_Nguyen_Thi_Ngoc_Anh_bai_tapgitt
 * branch            main       -> FETCH_HEAD
   140451a..877680a  main       -> origin/main
Updating bf054d5..877680a
Fast-forward
 caulenh.txt                   | 324 ++++++++++++++++++++++++++++++++++++++++++
 main_folder/main_txt_1.txt    |   0
 main_folder/main_txt_2.txt    |   0
 main_folder/main_txt_3.txt    |   0
 main_folder/text_branch_1.txt |   8 ++
 text_branch_2.txt             |   1 +
 text_branch_3.txt             |   1 +
 text_branch_4.txt             |   1 +
 8 files changed, 335 insertions(+)
 create mode 100644 caulenh.txt
 create mode 100644 main_folder/main_txt_1.txt
 create mode 100644 main_folder/main_txt_2.txt
 create mode 100644 main_folder/main_txt_3.txt
 create mode 100644 main_folder/text_branch_1.txt
 create mode 100644 text_branch_2.txt
 create mode 100644 text_branch_3.txt
 create mode 100644 text_branch_4.txt

Admin@Admin-PC MINGW64 ~/OneDrive/New folder/24174600166_Nguyen_Thi_Ngoc_Anh_bai_tapgitt/24174600166_Nguyen_Thi_Ngoc_Anh_bai_tapgitt (branch_1)
$ git pull origin main
From https://github.com/nguyenthingocanh2507/24174600166_Nguyen_Thi_Ngoc_Anh_bai_tapgitt
 * branch            main       -> FETCH_HEAD
Already up to date.





